--------------------------------------------------------------------------------
Release 14.7 Trace  (nt64)
Copyright (c) 1995-2013 Xilinx, Inc.  All rights reserved.

C:\Xilinx\14.7\ISE_DS\ISE\bin\nt64\unwrapped\trce.exe -intstyle ise -v 3 -s 3
-n 3 -fastpaths -xml main.twx main.ncd -o main.twr main.pcf -ucf main.ucf

Design file:              main.ncd
Physical constraint file: main.pcf
Device,package,speed:     xc6slx9,tqg144,C,-3 (PRODUCTION 1.23 2013-10-13)
Report level:             verbose report

Environment Variable      Effect 
--------------------      ------ 
NONE                      No environment variables were set
--------------------------------------------------------------------------------

INFO:Timing:2698 - No timing constraints found, doing default enumeration.
INFO:Timing:3412 - To improve timing, see the Timing Closure User Guide (UG612).
INFO:Timing:2752 - To get complete path coverage, use the unconstrained paths 
   option. All paths that are not constrained will be reported in the 
   unconstrained paths section(s) of the report.
INFO:Timing:3339 - The clock-to-out numbers in this timing report are based on 
   a 50 Ohm transmission line loading model.  For the details of this model, 
   and for more information on accounting for different loading conditions, 
   please see the device datasheet.



Data Sheet report:
-----------------
All values displayed in nanoseconds (ns)

Setup/Hold to clock OSC
------------+------------+------------+------------+------------+-----------------------------+--------+
            |Max Setup to|  Process   |Max Hold to |  Process   |                             | Clock  |
Source      | clk (edge) |   Corner   | clk (edge) |   Corner   |Internal Clock(s)            | Phase  |
------------+------------+------------+------------+------------+-----------------------------+--------+
arduiData<0>|   -0.516(R)|      FAST  |    1.384(R)|      SLOW  |XLXI_65/XLXI_1/XLXI_1/XLXN_28|   0.000|
            |   -0.370(R)|      FAST  |    1.161(R)|      SLOW  |XLXI_65/XLXI_1/XLXI_2/XLXN_28|   0.000|
            |   -0.347(R)|      FAST  |    1.125(R)|      SLOW  |XLXI_65/XLXI_1/XLXI_5/XLXN_28|   0.000|
            |   -0.386(R)|      FAST  |    1.171(R)|      SLOW  |XLXI_65/XLXI_1/XLXI_6/XLXN_28|   0.000|
arduiData<1>|   -0.737(R)|      FAST  |    1.691(R)|      SLOW  |XLXI_65/XLXI_1/XLXI_1/XLXN_28|   0.000|
            |   -0.590(R)|      FAST  |    1.481(R)|      SLOW  |XLXI_65/XLXI_1/XLXI_2/XLXN_28|   0.000|
            |   -0.498(R)|      FAST  |    1.346(R)|      SLOW  |XLXI_65/XLXI_1/XLXI_5/XLXN_28|   0.000|
            |   -0.722(R)|      FAST  |    1.626(R)|      SLOW  |XLXI_65/XLXI_1/XLXI_6/XLXN_28|   0.000|
arduiData<2>|   -0.553(R)|      FAST  |    1.469(R)|      SLOW  |XLXI_65/XLXI_1/XLXI_1/XLXN_28|   0.000|
            |   -0.507(R)|      FAST  |    1.453(R)|      SLOW  |XLXI_65/XLXI_1/XLXI_2/XLXN_28|   0.000|
            |   -0.389(R)|      FAST  |    1.223(R)|      SLOW  |XLXI_65/XLXI_1/XLXI_5/XLXN_28|   0.000|
            |   -0.388(R)|      FAST  |    1.186(R)|      SLOW  |XLXI_65/XLXI_1/XLXI_6/XLXN_28|   0.000|
arduiData<3>|   -0.559(R)|      FAST  |    1.431(R)|      SLOW  |XLXI_65/XLXI_1/XLXI_1/XLXN_28|   0.000|
            |   -0.508(R)|      FAST  |    1.381(R)|      SLOW  |XLXI_65/XLXI_1/XLXI_2/XLXN_28|   0.000|
            |   -0.395(R)|      FAST  |    1.192(R)|      SLOW  |XLXI_65/XLXI_1/XLXI_5/XLXN_28|   0.000|
            |   -0.310(R)|      FAST  |    1.039(R)|      SLOW  |XLXI_65/XLXI_1/XLXI_6/XLXN_28|   0.000|
------------+------------+------------+------------+------------+-----------------------------+--------+

Clock NumIN<0> to Pad
------------+-----------------+------------+-----------------+------------+------------------+--------+
            |Max (slowest) clk|  Process   |Min (fastest) clk|  Process   |                  | Clock  |
Destination |  (edge) to PAD  |   Corner   |  (edge) to PAD  |   Corner   |Internal Clock(s) | Phase  |
------------+-----------------+------------+-----------------+------------+------------------+--------+
NumOUT<0>   |        10.835(R)|      SLOW  |         6.059(R)|      FAST  |XLXI_5/XLXN_18    |   0.000|
NumOUT<1>   |        10.798(R)|      SLOW  |         6.058(R)|      FAST  |XLXI_5/XLXN_18    |   0.000|
NumOUT<2>   |        10.831(R)|      SLOW  |         6.245(R)|      FAST  |XLXI_5/XLXN_18    |   0.000|
NumOUT<3>   |        10.712(R)|      SLOW  |         6.290(R)|      FAST  |XLXI_5/XLXN_18    |   0.000|
p84         |        14.146(R)|      SLOW  |         8.186(R)|      FAST  |XLXN_39           |   0.000|
------------+-----------------+------------+-----------------+------------+------------------+--------+

Clock NumIN<1> to Pad
------------+-----------------+------------+-----------------+------------+------------------+--------+
            |Max (slowest) clk|  Process   |Min (fastest) clk|  Process   |                  | Clock  |
Destination |  (edge) to PAD  |   Corner   |  (edge) to PAD  |   Corner   |Internal Clock(s) | Phase  |
------------+-----------------+------------+-----------------+------------+------------------+--------+
NumOUT<0>   |        10.170(R)|      SLOW  |         5.563(R)|      FAST  |XLXI_5/XLXN_18    |   0.000|
NumOUT<1>   |        10.133(R)|      SLOW  |         5.562(R)|      FAST  |XLXI_5/XLXN_18    |   0.000|
NumOUT<2>   |        10.166(R)|      SLOW  |         5.749(R)|      FAST  |XLXI_5/XLXN_18    |   0.000|
NumOUT<3>   |        10.047(R)|      SLOW  |         5.794(R)|      FAST  |XLXI_5/XLXN_18    |   0.000|
p84         |        13.481(R)|      SLOW  |         7.690(R)|      FAST  |XLXN_39           |   0.000|
------------+-----------------+------------+-----------------+------------+------------------+--------+

Clock NumIN<2> to Pad
------------+-----------------+------------+-----------------+------------+------------------+--------+
            |Max (slowest) clk|  Process   |Min (fastest) clk|  Process   |                  | Clock  |
Destination |  (edge) to PAD  |   Corner   |  (edge) to PAD  |   Corner   |Internal Clock(s) | Phase  |
------------+-----------------+------------+-----------------+------------+------------------+--------+
NumOUT<0>   |         9.828(R)|      SLOW  |         5.325(R)|      FAST  |XLXI_5/XLXN_18    |   0.000|
NumOUT<1>   |         9.791(R)|      SLOW  |         5.324(R)|      FAST  |XLXI_5/XLXN_18    |   0.000|
NumOUT<2>   |         9.824(R)|      SLOW  |         5.511(R)|      FAST  |XLXI_5/XLXN_18    |   0.000|
NumOUT<3>   |         9.705(R)|      SLOW  |         5.556(R)|      FAST  |XLXI_5/XLXN_18    |   0.000|
p84         |        13.139(R)|      SLOW  |         7.452(R)|      FAST  |XLXN_39           |   0.000|
------------+-----------------+------------+-----------------+------------+------------------+--------+

Clock NumIN<3> to Pad
------------+-----------------+------------+-----------------+------------+------------------+--------+
            |Max (slowest) clk|  Process   |Min (fastest) clk|  Process   |                  | Clock  |
Destination |  (edge) to PAD  |   Corner   |  (edge) to PAD  |   Corner   |Internal Clock(s) | Phase  |
------------+-----------------+------------+-----------------+------------+------------------+--------+
NumOUT<0>   |        10.473(R)|      SLOW  |         5.835(R)|      FAST  |XLXI_5/XLXN_18    |   0.000|
NumOUT<1>   |        10.436(R)|      SLOW  |         5.834(R)|      FAST  |XLXI_5/XLXN_18    |   0.000|
NumOUT<2>   |        10.469(R)|      SLOW  |         6.021(R)|      FAST  |XLXI_5/XLXN_18    |   0.000|
NumOUT<3>   |        10.350(R)|      SLOW  |         6.066(R)|      FAST  |XLXI_5/XLXN_18    |   0.000|
p84         |        13.784(R)|      SLOW  |         7.962(R)|      FAST  |XLXN_39           |   0.000|
------------+-----------------+------------+-----------------+------------+------------------+--------+

Clock OSC to Pad
------------+-----------------+------------+-----------------+------------+-----------------------------+--------+
            |Max (slowest) clk|  Process   |Min (fastest) clk|  Process   |                             | Clock  |
Destination |  (edge) to PAD  |   Corner   |  (edge) to PAD  |   Corner   |Internal Clock(s)            | Phase  |
------------+-----------------+------------+-----------------+------------+-----------------------------+--------+
NumOUT<0>   |        10.423(R)|      SLOW  |         5.780(R)|      FAST  |XLXI_5/XLXN_18               |   0.000|
NumOUT<1>   |        10.386(R)|      SLOW  |         5.779(R)|      FAST  |XLXI_5/XLXN_18               |   0.000|
NumOUT<2>   |        10.419(R)|      SLOW  |         5.966(R)|      FAST  |XLXI_5/XLXN_18               |   0.000|
NumOUT<3>   |        10.300(R)|      SLOW  |         6.011(R)|      FAST  |XLXI_5/XLXN_18               |   0.000|
bcdebug<0>  |        13.210(R)|      SLOW  |         6.860(R)|      FAST  |XLXI_6/XLXN_32               |   0.000|
bcdebug<1>  |        12.583(R)|      SLOW  |         7.028(R)|      FAST  |XLXI_6/XLXN_32               |   0.000|
bcdebug<2>  |        12.376(R)|      SLOW  |         6.897(R)|      FAST  |XLXI_6/XLXN_32               |   0.000|
bcdebug<3>  |        12.933(R)|      SLOW  |         6.814(R)|      FAST  |XLXI_6/XLXN_32               |   0.000|
modeOut0    |        16.164(R)|      SLOW  |         8.447(R)|      FAST  |XLXI_6/XLXN_32               |   0.000|
            |        13.444(R)|      SLOW  |         7.447(R)|      FAST  |XLXI_65/XLXI_1/XLXI_1/XLXN_28|   0.000|
            |        13.405(R)|      SLOW  |         7.080(R)|      FAST  |XLXI_65/XLXI_1/XLXI_2/XLXN_28|   0.000|
            |        13.392(R)|      SLOW  |         7.386(R)|      FAST  |XLXI_65/XLXI_1/XLXI_5/XLXN_28|   0.000|
            |        13.335(R)|      SLOW  |         7.499(R)|      FAST  |XLXI_65/XLXI_1/XLXI_6/XLXN_28|   0.000|
            |        12.276(R)|      SLOW  |         6.719(R)|      FAST  |XLXI_66/XLXI_4/XLXI_1/XLXN_28|   0.000|
            |        12.897(R)|      SLOW  |         7.154(R)|      FAST  |XLXI_66/XLXI_4/XLXI_2/XLXN_28|   0.000|
            |        12.848(R)|      SLOW  |         7.311(R)|      FAST  |XLXI_66/XLXI_4/XLXI_5/XLXN_28|   0.000|
            |        13.186(R)|      SLOW  |         7.031(R)|      FAST  |XLXI_66/XLXI_4/XLXI_6/XLXN_28|   0.000|
modeOut1    |        16.043(R)|      SLOW  |         8.358(R)|      FAST  |XLXI_6/XLXN_32               |   0.000|
------------+-----------------+------------+-----------------+------------+-----------------------------+--------+

Clock arduiCLK to Pad
------------+-----------------+------------+-----------------+------------+------------------+--------+
            |Max (slowest) clk|  Process   |Min (fastest) clk|  Process   |                  | Clock  |
Destination |  (edge) to PAD  |   Corner   |  (edge) to PAD  |   Corner   |Internal Clock(s) | Phase  |
------------+-----------------+------------+-----------------+------------+------------------+--------+
modeOut0    |        11.523(R)|      SLOW  |         6.505(R)|      FAST  |XLXI_65/XLXN_5    |   0.000|
------------+-----------------+------------+-----------------+------------+------------------+--------+

Clock to Setup on destination clock NumIN<0>
---------------+---------+---------+---------+---------+
               | Src:Rise| Src:Fall| Src:Rise| Src:Fall|
Source Clock   |Dest:Rise|Dest:Rise|Dest:Fall|Dest:Fall|
---------------+---------+---------+---------+---------+
NumIN<0>       |    2.352|   -1.044|         |         |
NumIN<1>       |    2.352|   -1.567|         |         |
NumIN<2>       |    2.352|   -1.816|         |         |
NumIN<3>       |    2.352|   -1.291|         |         |
OSC            |    1.351|         |         |         |
---------------+---------+---------+---------+---------+

Clock to Setup on destination clock NumIN<1>
---------------+---------+---------+---------+---------+
               | Src:Rise| Src:Fall| Src:Rise| Src:Fall|
Source Clock   |Dest:Rise|Dest:Rise|Dest:Fall|Dest:Fall|
---------------+---------+---------+---------+---------+
NumIN<0>       |    2.352|   -0.548|         |         |
NumIN<1>       |    2.352|   -1.071|         |         |
NumIN<2>       |    2.352|   -1.320|         |         |
NumIN<3>       |    2.352|   -0.795|         |         |
OSC            |    1.351|         |         |         |
---------------+---------+---------+---------+---------+

Clock to Setup on destination clock NumIN<2>
---------------+---------+---------+---------+---------+
               | Src:Rise| Src:Fall| Src:Rise| Src:Fall|
Source Clock   |Dest:Rise|Dest:Rise|Dest:Fall|Dest:Fall|
---------------+---------+---------+---------+---------+
NumIN<0>       |    2.352|   -0.310|         |         |
NumIN<1>       |    2.352|   -0.833|         |         |
NumIN<2>       |    2.352|   -1.082|         |         |
NumIN<3>       |    2.352|   -0.557|         |         |
OSC            |    1.351|         |         |         |
---------------+---------+---------+---------+---------+

Clock to Setup on destination clock NumIN<3>
---------------+---------+---------+---------+---------+
               | Src:Rise| Src:Fall| Src:Rise| Src:Fall|
Source Clock   |Dest:Rise|Dest:Rise|Dest:Fall|Dest:Fall|
---------------+---------+---------+---------+---------+
NumIN<0>       |    2.352|   -0.820|         |         |
NumIN<1>       |    2.352|   -1.343|         |         |
NumIN<2>       |    2.352|   -1.592|         |         |
NumIN<3>       |    2.352|   -1.067|         |         |
OSC            |    1.351|         |         |         |
---------------+---------+---------+---------+---------+

Clock to Setup on destination clock OSC
---------------+---------+---------+---------+---------+
               | Src:Rise| Src:Fall| Src:Rise| Src:Fall|
Source Clock   |Dest:Rise|Dest:Rise|Dest:Fall|Dest:Fall|
---------------+---------+---------+---------+---------+
NumIN<0>       |    2.449|   -0.501|         |         |
NumIN<1>       |    2.449|   -0.735|         |         |
NumIN<2>       |    2.449|   -0.896|         |         |
NumIN<3>       |    2.449|   -0.510|         |         |
OSC            |    5.086|         |         |         |
---------------+---------+---------+---------+---------+

Clock to Setup on destination clock arduiCLK
---------------+---------+---------+---------+---------+
               | Src:Rise| Src:Fall| Src:Rise| Src:Fall|
Source Clock   |Dest:Rise|Dest:Rise|Dest:Fall|Dest:Fall|
---------------+---------+---------+---------+---------+
arduiCLK       |    2.027|         |         |         |
---------------+---------+---------+---------+---------+

Pad to Pad
---------------+---------------+---------+
Source Pad     |Destination Pad|  Delay  |
---------------+---------------+---------+
arduiCLK       |p82            |    6.797|
---------------+---------------+---------+


Analysis completed Sun Dec 15 18:41:43 2019 
--------------------------------------------------------------------------------

Trace Settings:
-------------------------
Trace Settings 

Peak Memory Usage: 4572 MB



